* ERROR unaccounted time: 1:00
* billed
+ project1 :: 40.00%
+ project2 :: 60.00%
* billable time: 6:00
** bucket a (project1: 0.10, project2: 0.90): 66.7%
|----------------+-------+-------+--------------|
| category I     | 50.0% |       |              |
|     context 1  |       | 33.3% |              |
|         task A |       |       | 16.7% (1:00) |
|         task B |       |       | 16.7% (1:00) |
|     context 2  |       | 16.7% |              |
|         task A |       |       | 16.7% (1:00) |
| category II    | 16.7% |       |              |
|     context 1  |       | 16.7% |              |
|         task B |       |       | 16.7% (1:00) |
|----------------+-------+-------+--------------|
** bucket b (project1): 33.3%
|----------------+-------+-------+--------------|
| category I     | 16.7% |       |              |
|     context 2  |       | 16.7% |              |
|         task B |       |       | 16.7% (1:00) |
| category II    | 16.7% |       |              |
|     context 1  |       | 16.7% |              |
|         task A |       |       | 16.7% (1:00) |
|----------------+-------+-------+--------------|
* non-billable time: 1:00
