* Unaccounted time: 1:00
* Allocations
+ Allocation A :: 40.00%
+ Allocation B :: 60.00%
* bucket a (:A: 0.10, :B: 0.90): 66.7%
|----------------+-------+-------+--------------|
| category I     | 50.0% |       |              |
|     context 1  |       | 33.3% |              |
|         task A |       |       | 16.7% (1:00) |
|         task B |       |       | 16.7% (1:00) |
|     context 2  |       | 16.7% |              |
|         task A |       |       | 16.7% (1:00) |
| category II    | 16.7% |       |              |
|     context 1  |       | 16.7% |              |
|         task B |       |       | 16.7% (1:00) |
|----------------+-------+-------+--------------|
* bucket b (:A): 33.3%
|----------------+-------+-------+--------------|
| category I     | 16.7% |       |              |
|     context 2  |       | 16.7% |              |
|         task B |       |       | 16.7% (1:00) |
| category II    | 16.7% |       |              |
|     context 1  |       | 16.7% |              |
|         task A |       |       | 16.7% (1:00) |
|----------------+-------+-------+--------------|
* Overhead time: 1:00
