* Unaccounted time: 1:00
* Allocations
+ Allocation A :: 10.00%
+ Allocation B :: 90.00%
* bucket a (10% A + 90% B): 100.0%
|----------------+-------+-------+--------------|
| category I     | 75.0% |       |              |
|     context 1  |       | 50.0% |              |
|         task A |       |       | 25.0% (1:00) |
|         task B |       |       | 25.0% (1:00) |
|     context 2  |       | 25.0% |              |
|         task A |       |       | 25.0% (1:00) |
| category II    | 25.0% |       |              |
|     context 1  |       | 25.0% |              |
|         task B |       |       | 25.0% (1:00) |
|----------------+-------+-------+--------------|
* Overhead time: 2:00
