* ERROR multi-bucketed tasks
+ category II -> context 1 -> task C
* ERROR non-bucketed tasks
+ category II -> context 1 -> task D
+ category II -> context 1 -> task E
* billed
+ project1 :: 40.00%
+ project2 :: 60.00%
* billable time: 6:00
|------------------------------+-------+-------+-------+------|
| bucket a                     | 66.7% |       |       |      |
| project1: 0.1, project2: 0.9 |       |       |       |      |
|------------------------------+-------+-------+-------+------|
| category I                   | 50.0% |       |       |      |
|     context 1                |       | 33.3% |       |      |
|         task A               |       |       | 16.7% | 1:00 |
|         task B               |       |       | 16.7% | 1:00 |
|     context 2                |       | 16.7% |       |      |
|         task A               |       |       | 16.7% | 1:00 |
| category II                  | 16.7% |       |       |      |
|     context 1                |       | 16.7% |       |      |
|         task B               |       |       | 16.7% | 1:00 |
|------------------------------+-------+-------+-------+------|
| bucket b                     | 33.3% |       |       |      |
| project1                     |       |       |       |      |
|------------------------------+-------+-------+-------+------|
| category I                   | 16.7% |       |       |      |
|     context 2                |       | 16.7% |       |      |
|         task B               |       |       | 16.7% | 1:00 |
| category II                  | 16.7% |       |       |      |
|     context 1                |       | 16.7% |       |      |
|         task A               |       |       | 16.7% | 1:00 |
|------------------------------+-------+-------+-------+------|
* non-billable time: 2:00
